<html>
<body>
<pre>
<h1>µVision Build Log</h1>
<h2>Tool Versions:</h2>
IDE-Version: ¦ÌVision V5.15
Copyright (C) 2015 ARM Ltd and ARM Germany GmbH. All rights reserved.
License Information: hp word, word, LIC=8VR30-BBCI4-KMV9D-839RW-ZMP34-1N9SU
 
Tool Versions:
Toolchain:       MDK-ARM Standard  Version: 5.15.0
Toolchain Path:  D:\Keil_v5\ARM\ARMCC\Bin
C Compiler:      Armcc.exe V5.05 update 2 (build 169)
Assembler:       Armasm.exe V5.05 update 2 (build 169)
Linker/Locator:  ArmLink.exe V5.05 update 2 (build 169)
Library Manager: ArmAr.exe V5.05 update 2 (build 169)
Hex Converter:   FromElf.exe V5.05 update 2 (build 169)
CPU DLL:         SARMCM3.DLL V5.15.0
Dialog DLL:      DCM.DLL V1.13.2.0
Target DLL:      STLink\ST-LINKIII-KEIL_SWO.dll V2.0.15.0_KEIL
Dialog DLL:      TCM.DLL V1.14.5.0
 
<h2>Project:</h2>
D:\Bear\2019119116_MCU-main\2019119116_MCU-main\ch7\light_LCD\MDK-ARM\light_LCD.uvprojx
Project File Date:  11/29/2021

<h2>Output:</h2>
*** Using Compiler 'V5.05 update 2 (build 169)', folder: 'D:\Keil_v5\ARM\ARMCC\Bin'
Rebuild target 'light_LCD'
assembling startup_stm32l431xx.s...
compiling main.c...
compiling gpio.c...
compiling spi.c...
compiling usart.c...
compiling stm32l4xx_it.c...
compiling stm32l4xx_hal_msp.c...
compiling stm32l4xx_hal_spi.c...
compiling stm32l4xx_hal_spi_ex.c...
compiling stm32l4xx_hal.c...
compiling stm32l4xx_hal_i2c.c...
compiling stm32l4xx_hal_i2c_ex.c...
compiling stm32l4xx_hal_rcc.c...
compiling stm32l4xx_hal_rcc_ex.c...
compiling stm32l4xx_hal_flash.c...
compiling stm32l4xx_hal_flash_ex.c...
compiling stm32l4xx_hal_flash_ramfunc.c...
compiling stm32l4xx_hal_gpio.c...
compiling stm32l4xx_hal_dma.c...
compiling stm32l4xx_hal_dma_ex.c...
compiling stm32l4xx_hal_pwr.c...
compiling stm32l4xx_hal_pwr_ex.c...
compiling stm32l4xx_hal_cortex.c...
compiling stm32l4xx_hal_exti.c...
compiling stm32l4xx_hal_tim.c...
compiling stm32l4xx_hal_tim_ex.c...
compiling stm32l4xx_hal_uart.c...
compiling stm32l4xx_hal_uart_ex.c...
compiling system_stm32l4xx.c...
compiling HzLib.c...
compiling lcd.c...
..\LCD\lcd.c(35): warning:  #177-D: function "LCD_Gpio_Init" was declared but never referenced
  static void LCD_Gpio_Init(void)
..\LCD\lcd.c: 1 warning, 0 errors
linking...
light_LCD\light_LCD.axf: Warning: L6988W: Ignoring unknown patch sdcomp-29491-629360.
Program Size: Code=9900 RO-data=236456 RW-data=20 ZI-data=3020  
Finished: 0 information, 1 warning and 0 error messages.
"light_LCD\light_LCD.axf" - 0 Error(s), 2 Warning(s).

<h2>Software Packages used:</h2>

Package Vendor: ARM
                http://www.keil.com/pack/ARM.CMSIS.4.3.0.pack
                ARM::CMSIS:CORE:4.1.0
                CMSIS (Cortex Microcontroller Software Interface Standard)
   * Component: CORE Version: 4.1.0

<h2>Collection of Component include folders:</h2>
  D:\Bear\2019119116_MCU-main\2019119116_MCU-main\ch7\light_LCD\MDK-ARM\RTE
  D:\Keil_v5\ARM\PACK\ARM\CMSIS\4.3.0\CMSIS\Include
  D:\Keil_v5\ARM\PACK\Keil\STM32L4xx_DFP\2.6.1\Drivers\CMSIS\Device\ST\STM32L4xx\Include

<h2>Collection of Component Files used:</h2>

   * Component: ARM::CMSIS:CORE:4.1.0
</pre>
</body>
</html>
